// Jest Snapshot v1, https://goo.gl/fbAQLP

exports[`Should render ExpenseListItem with properties 1`] = `
<div>
  <div />
  <div>
    Shoes
  </div>
  <div>
    Too expensive
  </div>
  <div>
    450.00 zł
  </div>
  <div>
    2020-06-14
  </div>
  <div>
    <Link
      to="/edit/1"
    >
      Edit
    </Link>
  </div>
</div>
`;
