// Jest Snapshot v1, https://goo.gl/fbAQLP

exports[`Should render ExpenseListItem with properties 1`] = `
<Link
  className="list-item"
  to="/edit/1"
>
  <div
    className="list-item__title"
  >
    <h3>
      Shoes
    </h3>
    <div
      className="list-item__subtitle"
    >
      Too expensive
    </div>
  </div>
  <div
    className="list-item__date"
  >
    2020-06-14
  </div>
  <strong
    className="list-item__amount"
  >
    450.00 zł
  </strong>
</Link>
`;
